// Jest Snapshot v1, https://goo.gl/fbAQLP

exports[`Componente ModalDetalle HTMl renderizado structure esperada 1`] = `<!---->`;
